"c:/WORKS/harfang/hg2/owl-arcade/work/3d/amstrad_cpc_464/amstrad_cpc_464.fbx":"_prod/98e61c2e-9021-1646-8993-b6d56c56c0d9"
"c:/WORKS/harfang/hg2/owl-arcade/work/3d/nec_pxfx/retro_console/nec_pcfx.gltf":"_prod/763fa5f1-a690-914d-8dd7-1cc73574bbe7"
"c:/WORKS/harfang/hg2/owl-arcade/work/apple_2/apple_2.fbx":"_prod/9d9bfa8d-6559-a441-8464-a6864c998906"
"c:/WORKS/harfang/hg2/owl-arcade/work/apple_2/apple_2_disk_drive.fbx":"_prod/57a5cc27-ce87-004c-a503-eef01ebc6686"
"c:/WORKS/harfang/hg2/owl-arcade/work/atari_2600/atari_vcs_2600.fbx":"_prod/8bd82540-f864-eb46-8e9e-750f6f55f01d"
"c:/WORKS/harfang/hg2/owl-arcade/work/atari_joystick/atari_joystick.fbx":"_prod/c439326d-49cf-b341-b2c8-f5379ac6146c"
"c:/WORKS/harfang/hg2/owl-arcade/work/commodore_64/commodore_64.fbx":"_prod/691e8e0b-de61-7446-a029-1511b69fb7e9"
"c:/WORKS/harfang/hg2/owl-arcade/work/snes/snes.fbx":"_prod/b785c5c1-4116-ff4d-b02b-58b888dd03ce"
"c:/WORKS/harfang/hg2/owl-arcade/work/tv_cctv_monitor/monitor_cctv.FBX":"_prod/6c4022d5-103a-6949-9df8-914a8fed0890"
"c:/WORKS/harfang/hg2/owl-arcade/work/tv_medium_size/tv_medium_size.fbx":"_prod/bb53992c-c061-9441-bcd3-45c9dd056218"
"c:/WORKS/harfang/hg2/owl-arcade/work/tv_vintage/tv_vintage.fbx":"_prod/0f298f64-8390-f04f-ae5e-492d15be843c"
